------------------------------------------------------------
Timing Analyzer Summary
------------------------------------------------------------

Type  : Slow 1100mV 85C Model Setup 'clk'
Slack : 15.462
TNS   : 0.000

Type  : Slow 1100mV 85C Model Hold 'clk'
Slack : 0.434
TNS   : 0.000

Type  : Slow 1100mV 85C Model Minimum Pulse Width 'clk'
Slack : 9.034
TNS   : 0.000

Type  : Slow 1100mV 0C Model Setup 'clk'
Slack : 15.156
TNS   : 0.000

Type  : Slow 1100mV 0C Model Hold 'clk'
Slack : 0.441
TNS   : 0.000

Type  : Slow 1100mV 0C Model Minimum Pulse Width 'clk'
Slack : 9.007
TNS   : 0.000

Type  : Fast 1100mV 85C Model Setup 'clk'
Slack : 17.601
TNS   : 0.000

Type  : Fast 1100mV 85C Model Hold 'clk'
Slack : 0.200
TNS   : 0.000

Type  : Fast 1100mV 85C Model Minimum Pulse Width 'clk'
Slack : 9.064
TNS   : 0.000

Type  : Fast 1100mV 0C Model Setup 'clk'
Slack : 17.686
TNS   : 0.000

Type  : Fast 1100mV 0C Model Hold 'clk'
Slack : 0.188
TNS   : 0.000

Type  : Fast 1100mV 0C Model Minimum Pulse Width 'clk'
Slack : 9.071
TNS   : 0.000

------------------------------------------------------------
