------------------------------------------------------------
Timing Analyzer Summary
------------------------------------------------------------

Type  : Slow 1100mV 85C Model Setup 'clk'
Slack : 15.080
TNS   : 0.000

Type  : Slow 1100mV 85C Model Hold 'clk'
Slack : 0.437
TNS   : 0.000

Type  : Slow 1100mV 85C Model Minimum Pulse Width 'clk'
Slack : 9.061
TNS   : 0.000

Type  : Slow 1100mV 0C Model Setup 'clk'
Slack : 14.831
TNS   : 0.000

Type  : Slow 1100mV 0C Model Hold 'clk'
Slack : 0.444
TNS   : 0.000

Type  : Slow 1100mV 0C Model Minimum Pulse Width 'clk'
Slack : 9.035
TNS   : 0.000

Type  : Fast 1100mV 85C Model Setup 'clk'
Slack : 17.261
TNS   : 0.000

Type  : Fast 1100mV 85C Model Hold 'clk'
Slack : 0.197
TNS   : 0.000

Type  : Fast 1100mV 85C Model Minimum Pulse Width 'clk'
Slack : 9.087
TNS   : 0.000

Type  : Fast 1100mV 0C Model Setup 'clk'
Slack : 17.397
TNS   : 0.000

Type  : Fast 1100mV 0C Model Hold 'clk'
Slack : 0.187
TNS   : 0.000

Type  : Fast 1100mV 0C Model Minimum Pulse Width 'clk'
Slack : 9.091
TNS   : 0.000

------------------------------------------------------------
